// Vitest Snapshot v1, https://vitest.dev/guide/snapshot.html

exports[`SettlementList > snapshot renders 1`] = `
<div>
  <div
    class="chakra-stack css-1anxrbq"
  >
    <p
      class="chakra-text css-x39wmu"
    >
      清算方法
    </p>
    <ul
      class="css-1s6xsev"
      role="list"
    >
      <li
        class="css-1v5z18m"
      >
        <div
          class="chakra-stack css-bot922"
        >
          <div
            class="css-0"
          >
            A
             → 
            B
          </div>
          <div
            class="css-0"
          >
            10
            円
          </div>
        </div>
      </li>
    </ul>
  </div>
</div>
`;
